
> career-platform@0.0.0 build
> tsc -b && vite build

src/pages/Auth/Login.tsx(22,9): error TS2739: Type '{ student: string; organization: string; professor: string; }' is missing the following properties from type 'Record<"student" | "aspirant" | "organization" | "professor" | "professional" | "recruiter" | "others", string>': aspirant, professional, recruiter, others
src/pages/Auth/Login.tsx(28,9): error TS2739: Type '{ student: string; organization: string; professor: string; }' is missing the following properties from type 'Record<"student" | "aspirant" | "organization" | "professor" | "professional" | "recruiter" | "others", string>': aspirant, professional, recruiter, others
src/pages/Others/components/PostOpportunityForm.tsx(1,1): error TS6133: 'useState' is declared but its value is never read.
src/pages/Others/components/PostOpportunityForm.tsx(2,38): error TS6133: 'List' is declared but its value is never read.
src/pages/Others/components/PostOpportunityForm.tsx(2,44): error TS6133: 'Layout' is declared but its value is never read.
src/pages/Others/components/ViewResponses.tsx(1,25): error TS6133: 'CheckCircle' is declared but its value is never read.
src/pages/Others/components/ViewResponses.tsx(1,38): error TS6133: 'XCircle' is declared but its value is never read.
src/pages/Professional/components/PostGigForm.tsx(1,1): error TS6133: 'useState' is declared but its value is never read.
src/pages/Professional/components/PostGigForm.tsx(2,10): error TS6133: 'Camera' is declared but its value is never read.
src/pages/Professional/components/PostGigForm.tsx(2,18): error TS6133: 'Code' is declared but its value is never read.
src/pages/Professional/components/PostGigForm.tsx(2,32): error TS6133: 'PenTool' is declared but its value is never read.
src/pages/Professional/components/PostGigForm.tsx(2,41): error TS6133: 'Type' is declared but its value is never read.
src/pages/Recruiter/components/ViewCandidates.tsx(1,25): error TS6133: 'CheckCircle' is declared but its value is never read.
src/pages/Recruiter/components/ViewCandidates.tsx(1,38): error TS6133: 'XCircle' is declared but its value is never read.
