
> career-platform@0.0.0 build
> tsc -b && vite build

src/components/common/UserAvatar.tsx(34,11): error TS2322: Type '{}' is not assignable to type 'string'.
src/components/dashboard/MyProfile.tsx(7,1): error TS6133: 'clsx' is declared but its value is never read.
src/components/dashboard/MyProfile.tsx(351,19): error TS2322: Type 'unknown' is not assignable to type 'ReactNode'.
src/components/dashboard/MyProfile.tsx(352,24): error TS2322: Type '{}' is not assignable to type 'string'.
src/components/layout/Dashboard/BrowseTalent.tsx(69,34): error TS2345: Argument of type 'unknown' is not assignable to parameter of type 'Record<string, unknown> | undefined'.
src/components/layout/Dashboard/BrowseTalent.tsx(122,58): error TS2345: Argument of type 'unknown' is not assignable to parameter of type 'Record<string, unknown> | undefined'.
src/components/layout/Dashboard/BrowseTalent.tsx(141,66): error TS2345: Argument of type 'unknown' is not assignable to parameter of type 'Record<string, unknown> | undefined'.
src/components/layout/Dashboard/BrowseTalent.tsx(141,118): error TS2345: Argument of type 'unknown' is not assignable to parameter of type 'Record<string, unknown> | undefined'.
src/components/layout/Dashboard/BrowseTalent.tsx(145,91): error TS2345: Argument of type 'unknown' is not assignable to parameter of type 'Record<string, unknown> | undefined'.
src/components/layout/Dashboard/BrowseTalent.tsx(145,142): error TS2345: Argument of type 'unknown' is not assignable to parameter of type 'Record<string, unknown> | undefined'.
src/components/layout/Dashboard/BrowseTalent.tsx(145,185): error TS2345: Argument of type 'unknown' is not assignable to parameter of type 'Record<string, unknown> | undefined'.
src/components/layout/Dashboard/BrowseTalent.tsx(149,66): error TS2345: Argument of type 'unknown' is not assignable to parameter of type 'Record<string, unknown> | undefined'.
src/components/layout/Dashboard/BrowseTalent.tsx(149,116): error TS2345: Argument of type 'unknown' is not assignable to parameter of type 'Record<string, unknown> | undefined'.
src/pages/Admin/AdminApprovals.tsx(1,46): error TS6133: 'Clock' is declared but its value is never read.
src/pages/Aspirant/AspirantDashboard.tsx(2,38): error TS6133: 'FileText' is declared but its value is never read.
src/pages/Aspirant/AspirantDashboard.tsx(2,72): error TS6133: 'Heart' is declared but its value is never read.
src/pages/Aspirant/AspirantDashboard.tsx(2,79): error TS6133: 'Github' is declared but its value is never read.
src/pages/Aspirant/AspirantDashboard.tsx(2,87): error TS6133: 'Linkedin' is declared but its value is never read.
src/pages/Aspirant/AspirantDashboard.tsx(2,97): error TS6133: 'Globe' is declared but its value is never read.
src/pages/Aspirant/AspirantDashboard.tsx(2,140): error TS6133: 'GraduationCap' is declared but its value is never read.
src/pages/Aspirant/AspirantDashboard.tsx(2,155): error TS6133: 'Briefcase' is declared but its value is never read.
src/pages/Aspirant/AspirantDashboard.tsx(2,166): error TS6133: 'Code' is declared but its value is never read.
src/pages/Aspirant/AspirantDashboard.tsx(2,172): error TS6133: 'Pencil' is declared but its value is never read.
src/pages/Aspirant/AspirantDashboard.tsx(8,1): error TS6133: 'ProfilePhotoUpload' is declared but its value is never read.
src/pages/Aspirant/AspirantDashboard.tsx(9,1): error TS6133: 'ResumeDragDrop' is declared but its value is never read.
src/pages/Aspirant/AspirantDashboard.tsx(118,12): error TS6133: 'profilePhoto' is declared but its value is never read.
src/pages/Aspirant/AspirantDashboard.tsx(118,26): error TS6133: 'setProfilePhoto' is declared but its value is never read.
src/pages/Aspirant/AspirantDashboard.tsx(119,12): error TS6133: 'resumeFile' is declared but its value is never read.
src/pages/Aspirant/AspirantDashboard.tsx(119,24): error TS6133: 'setResumeFile' is declared but its value is never read.
src/pages/Aspirant/AspirantDashboard.tsx(120,12): error TS6133: 'editingField' is declared but its value is never read.
src/pages/Aspirant/AspirantDashboard.tsx(120,26): error TS6133: 'setEditingField' is declared but its value is never read.
src/pages/Aspirant/AspirantDashboard.tsx(121,12): error TS6133: 'bio' is declared but its value is never read.
src/pages/Aspirant/AspirantDashboard.tsx(121,17): error TS6133: 'setBio' is declared but its value is never read.
src/pages/Aspirant/AspirantDashboard.tsx(122,12): error TS6133: 'tagline' is declared but its value is never read.
src/pages/Aspirant/AspirantDashboard.tsx(122,21): error TS6133: 'setTagline' is declared but its value is never read.
src/pages/Aspirant/AspirantDashboard.tsx(240,11): error TS6133: 'addProfileSkill' is declared but its value is never read.
src/pages/Student/Dashboard.tsx(2,38): error TS6133: 'FileText' is declared but its value is never read.
src/pages/Student/Dashboard.tsx(2,72): error TS6133: 'Heart' is declared but its value is never read.
src/pages/Student/Dashboard.tsx(2,79): error TS6133: 'Github' is declared but its value is never read.
src/pages/Student/Dashboard.tsx(2,87): error TS6133: 'Linkedin' is declared but its value is never read.
src/pages/Student/Dashboard.tsx(2,97): error TS6133: 'Globe' is declared but its value is never read.
src/pages/Student/Dashboard.tsx(2,140): error TS6133: 'GraduationCap' is declared but its value is never read.
src/pages/Student/Dashboard.tsx(2,155): error TS6133: 'Briefcase' is declared but its value is never read.
src/pages/Student/Dashboard.tsx(2,166): error TS6133: 'Code' is declared but its value is never read.
src/pages/Student/Dashboard.tsx(2,172): error TS6133: 'Pencil' is declared but its value is never read.
src/pages/Student/Dashboard.tsx(8,1): error TS6133: 'ProfilePhotoUpload' is declared but its value is never read.
src/pages/Student/Dashboard.tsx(9,1): error TS6133: 'ResumeDragDrop' is declared but its value is never read.
src/pages/Student/Dashboard.tsx(117,12): error TS6133: 'profilePhoto' is declared but its value is never read.
src/pages/Student/Dashboard.tsx(117,26): error TS6133: 'setProfilePhoto' is declared but its value is never read.
src/pages/Student/Dashboard.tsx(118,12): error TS6133: 'resumeFile' is declared but its value is never read.
src/pages/Student/Dashboard.tsx(118,24): error TS6133: 'setResumeFile' is declared but its value is never read.
src/pages/Student/Dashboard.tsx(119,12): error TS6133: 'editingField' is declared but its value is never read.
src/pages/Student/Dashboard.tsx(119,26): error TS6133: 'setEditingField' is declared but its value is never read.
src/pages/Student/Dashboard.tsx(120,12): error TS6133: 'bio' is declared but its value is never read.
src/pages/Student/Dashboard.tsx(120,17): error TS6133: 'setBio' is declared but its value is never read.
src/pages/Student/Dashboard.tsx(121,12): error TS6133: 'tagline' is declared but its value is never read.
src/pages/Student/Dashboard.tsx(121,21): error TS6133: 'setTagline' is declared but its value is never read.
src/pages/Student/Dashboard.tsx(245,11): error TS6133: 'addProfileSkill' is declared but its value is never read.
